[2026-05-14T23:40:28.711Z] [INFO] Running startup diagnostics...
[2026-05-14T23:40:28.853Z] [INFO] Music extractors loaded
[2026-05-14T23:40:28.873Z] [INFO] Registering 54 commands...
[2026-05-14T23:40:29.252Z] [INFO] Successfully registered 54 global commands
[2026-05-14T23:40:29.510Z] [INFO] ✨ Dashboard Smooth Mode active at http://localhost:5000
[2026-05-14T23:40:30.054Z] [INFO] Bot logged in as 𝑬𝑩 I 𝑩𝒐𝒕#5094
[2026-05-14T23:44:03.433Z] [INFO] Running startup diagnostics...
[2026-05-14T23:44:03.508Z] [INFO] Music extractors loaded
[2026-05-14T23:44:03.523Z] [INFO] Registering 55 commands...
[2026-05-14T23:44:03.866Z] [INFO] Successfully registered 55 global commands
[2026-05-14T23:44:03.936Z] [INFO] ✨ Dashboard Smooth Mode active at http://localhost:5000
[2026-05-14T23:44:04.388Z] [INFO] Bot logged in as 𝑬𝑩 I 𝑩𝒐𝒕#5094
[2026-05-14T23:47:21.750Z] [INFO] Running startup diagnostics...
[2026-05-14T23:47:21.832Z] [INFO] Music extractors loaded
[2026-05-14T23:47:21.850Z] [INFO] Registering 55 commands...
[2026-05-14T23:47:23.056Z] [INFO] Successfully registered 55 global commands
[2026-05-14T23:47:23.145Z] [INFO] ✨ Dashboard Smooth Mode active at http://localhost:5000
[2026-05-14T23:47:23.563Z] [INFO] Bot logged in as 𝑬𝑩 I 𝑩𝒐𝒕#5094
[2026-05-14T23:51:30.528Z] [INFO] Running startup diagnostics...
[2026-05-14T23:51:30.611Z] [INFO] Music extractors loaded
[2026-05-14T23:51:30.625Z] [INFO] Registering 55 commands...
[2026-05-14T23:51:30.961Z] [INFO] Successfully registered 55 global commands
[2026-05-14T23:51:31.033Z] [ERROR] Uncaught Exception | {"error":"listen EADDRINUSE: address already in use :::5000","stack":"Error: listen EADDRINUSE: address already in use :::5000\n    at Server.setupListenHandle [as _listen2] (node:net:1940:16)\n    at listenInCluster (node:net:1997:12)\n    at Server.listen (node:net:2102:7)\n    at startDashboard (/home/runner/workspace/discord-bot/dashboard/server.js:296:16)\n    at /home/runner/workspace/discord-bot/index.js:129:3\n    at process.processTicksAndRejections (node:internal/process/task_queues:103:5)"}
[2026-05-14T23:51:31.955Z] [INFO] Bot logged in as 𝑬𝑩 I 𝑩𝒐𝒕#5094
[2026-05-14T23:54:24.223Z] [INFO] Running startup diagnostics...
[2026-05-14T23:54:24.449Z] [INFO] Music extractors loaded
[2026-05-14T23:54:24.465Z] [INFO] Registering 55 commands...
[2026-05-14T23:54:24.772Z] [INFO] Successfully registered 55 global commands
[2026-05-14T23:54:24.872Z] [INFO] ✨ Dashboard Smooth Mode active at http://localhost:5000
[2026-05-14T23:54:25.455Z] [INFO] Bot logged in as 𝑬𝑩 I 𝑩𝒐𝒕#5094
[2026-05-14T23:56:11.698Z] [INFO] Running startup diagnostics...
[2026-05-14T23:56:11.775Z] [INFO] Music extractors loaded
[2026-05-14T23:56:11.790Z] [INFO] Registering 58 commands...
[2026-05-14T23:56:12.526Z] [INFO] Successfully registered 58 global commands
[2026-05-14T23:56:12.618Z] [ERROR] Uncaught Exception | {"error":"listen EADDRINUSE: address already in use :::5000","stack":"Error: listen EADDRINUSE: address already in use :::5000\n    at Server.setupListenHandle [as _listen2] (node:net:1940:16)\n    at listenInCluster (node:net:1997:12)\n    at Server.listen (node:net:2102:7)\n    at startDashboard (/home/runner/workspace/discord-bot/dashboard/server.js:296:16)\n    at /home/runner/workspace/discord-bot/index.js:129:3\n    at process.processTicksAndRejections (node:internal/process/task_queues:103:5)"}
[2026-05-14T23:56:13.169Z] [INFO] Bot logged in as 𝑬𝑩 I 𝑩𝒐𝒕#5094
[2026-05-14T23:56:46.978Z] [INFO] Running startup diagnostics...
[2026-05-14T23:56:47.079Z] [INFO] Music extractors loaded
[2026-05-14T23:56:47.097Z] [INFO] Registering 58 commands...
[2026-05-14T23:56:47.392Z] [INFO] Successfully registered 58 global commands
[2026-05-14T23:56:47.480Z] [INFO] ✨ Dashboard Smooth Mode active at http://localhost:5000
[2026-05-14T23:56:47.886Z] [INFO] Bot logged in as 𝑬𝑩 I 𝑩𝒐𝒕#5094
[2026-05-15T00:08:06.685Z] [INFO] Running startup diagnostics...
[2026-05-15T00:08:06.778Z] [INFO] Music extractors loaded
[2026-05-15T00:08:06.792Z] [INFO] Registering 59 commands...
[2026-05-15T00:08:07.061Z] [INFO] Successfully registered 59 global commands
[2026-05-15T00:08:07.142Z] [INFO] ✨ Dashboard Smooth Mode active at http://localhost:5000
[2026-05-15T00:08:07.662Z] [INFO] Bot logged in as 𝑬𝑩 I 𝑩𝒐𝒕#5094
[2026-06-09T11:17:51.593Z] [INFO] Running startup diagnostics...
[2026-06-09T11:17:51.755Z] [INFO] Music extractors loaded
[2026-06-09T11:17:51.771Z] [INFO] Registering 59 commands...
[2026-06-09T11:17:52.191Z] [INFO] Successfully registered 59 global commands
[2026-06-09T11:17:52.333Z] [INFO] ✨ Dashboard Smooth Mode active at http://localhost:5000
[2026-06-09T11:17:52.809Z] [INFO] Bot logged in as 𝑬𝑩 I 𝑩𝒐𝒕#5094
[2026-07-09T04:11:37.814Z] [INFO] Running startup diagnostics...
[2026-07-09T04:11:37.995Z] [INFO] Music extractors loaded
[2026-07-09T04:11:38.021Z] [INFO] Registering 59 commands...
[2026-07-09T04:11:38.124Z] [ERROR] Failed to register commands | {"error":"401: Unauthorized"}
[2026-07-09T04:11:38.394Z] [INFO] ✨ Dashboard Smooth Mode active at http://localhost:5000
[2026-07-09T04:11:38.484Z] [ERROR] Unhandled Rejection | {"error":"An invalid token was provided.","stack":"Error [TokenInvalid]: An invalid token was provided.\n    at WebSocketManager.connect (/home/runner/workspace/discord-bot/node_modules/discord.js/src/client/websocket/WebSocketManager.js:140:26)\n    at Client.login (/home/runner/workspace/discord-bot/node_modules/discord.js/src/client/Client.js:229:21)\n    at /home/runner/workspace/discord-bot/index.js:126:10\n    at process.processTicksAndRejections (node:internal/process/task_queues:103:5)"}
[2026-07-14T01:08:37.849Z] [INFO] Running startup diagnostics...
[2026-07-14T01:08:38.129Z] [INFO] Music extractors loaded
[2026-07-14T01:08:38.154Z] [INFO] Registering 59 commands...
[2026-07-14T01:08:38.263Z] [ERROR] Failed to register commands | {"error":"401: Unauthorized"}
[2026-07-14T01:08:38.603Z] [INFO] ✨ Dashboard Smooth Mode active at http://localhost:5000
[2026-07-14T01:08:38.692Z] [ERROR] Unhandled Rejection | {"error":"An invalid token was provided.","stack":"Error [TokenInvalid]: An invalid token was provided.\n    at WebSocketManager.connect (/home/runner/workspace/discord-bot/node_modules/discord.js/src/client/websocket/WebSocketManager.js:140:26)\n    at Client.login (/home/runner/workspace/discord-bot/node_modules/discord.js/src/client/Client.js:229:21)\n    at /home/runner/workspace/discord-bot/index.js:126:10\n    at process.processTicksAndRejections (node:internal/process/task_queues:103:5)"}
[2026-07-14T01:11:04.863Z] [INFO] Running startup diagnostics...
[2026-07-14T01:11:04.927Z] [INFO] Music extractors loaded
[2026-07-14T01:11:04.938Z] [INFO] Registering 61 commands...
[2026-07-14T01:11:05.045Z] [ERROR] Failed to register commands | {"error":"401: Unauthorized"}
[2026-07-14T01:11:05.101Z] [INFO] ✨ Dashboard Smooth Mode active at http://localhost:5000
[2026-07-14T01:11:05.192Z] [ERROR] Unhandled Rejection | {"error":"An invalid token was provided.","stack":"Error [TokenInvalid]: An invalid token was provided.\n    at WebSocketManager.connect (/home/runner/workspace/discord-bot/node_modules/discord.js/src/client/websocket/WebSocketManager.js:140:26)\n    at Client.login (/home/runner/workspace/discord-bot/node_modules/discord.js/src/client/Client.js:229:21)\n    at /home/runner/workspace/discord-bot/index.js:126:10\n    at process.processTicksAndRejections (node:internal/process/task_queues:103:5)"}
[2026-07-14T01:11:30.447Z] [INFO] Running startup diagnostics...
[2026-07-14T01:11:30.519Z] [INFO] Music extractors loaded
[2026-07-14T01:11:30.532Z] [INFO] Registering 61 commands...
[2026-07-14T01:11:30.636Z] [ERROR] Failed to register commands | {"error":"401: Unauthorized"}
[2026-07-14T01:11:30.691Z] [INFO] ✨ Dashboard Smooth Mode active at http://localhost:5000
[2026-07-14T01:11:30.791Z] [ERROR] Unhandled Rejection | {"error":"An invalid token was provided.","stack":"Error [TokenInvalid]: An invalid token was provided.\n    at WebSocketManager.connect (/home/runner/workspace/discord-bot/node_modules/discord.js/src/client/websocket/WebSocketManager.js:140:26)\n    at Client.login (/home/runner/workspace/discord-bot/node_modules/discord.js/src/client/Client.js:229:21)\n    at /home/runner/workspace/discord-bot/index.js:126:10\n    at process.processTicksAndRejections (node:internal/process/task_queues:103:5)"}
[2026-07-14T01:14:49.554Z] [INFO] Running startup diagnostics...
[2026-07-14T01:14:49.639Z] [INFO] Music extractors loaded
[2026-07-14T01:14:49.654Z] [INFO] Registering 61 commands...
[2026-07-14T01:14:50.275Z] [INFO] Successfully registered 61 global commands
[2026-07-14T01:14:50.374Z] [INFO] ✨ Dashboard Smooth Mode active at http://localhost:5000
[2026-07-14T01:14:50.811Z] [INFO] Bot logged in as 𝑬𝑩#8552
[2026-07-14T01:26:16.155Z] [INFO] Running startup diagnostics...
[2026-07-14T01:26:16.372Z] [INFO] Music extractors loaded
[2026-07-14T01:26:16.403Z] [INFO] Registering 61 commands...
[2026-07-14T01:26:16.704Z] [INFO] Successfully registered 61 global commands
[2026-07-14T01:26:16.924Z] [INFO] ✨ Dashboard Smooth Mode active at http://localhost:5000
[2026-07-14T01:26:17.319Z] [INFO] Bot logged in as 𝑬𝑩#8552
[2026-07-14T01:28:33.828Z] [COMMAND] Command /setupverification by ehab1 in 𝑬𝑩 𝑺𝒕𝒐𝒓𝒆
[2026-07-14T01:28:34.089Z] [ERROR] Command error: /setupverification | {"error":"Interaction has already been acknowledged.","stack":"DiscordAPIError[40060]: Interaction has already been acknowledged.\n    at handleErrors (/home/runner/workspace/discord-bot/node_modules/@discordjs/rest/dist/index.js:762:13)\n    at process.processTicksAndRejections (node:internal/process/task_queues:103:5)\n    at async BurstHandler.runRequest (/home/runner/workspace/discord-bot/node_modules/@discordjs/rest/dist/index.js:866:23)\n    at async _REST.request (/home/runner/workspace/discord-bot/node_modules/@discordjs/rest/dist/index.js:1307:22)\n    at async ChatInputCommandInteraction.reply (/home/runner/workspace/discord-bot/node_modules/discord.js/src/structures/interfaces/InteractionResponses.js:193:22)\n    at async Object.execute (/home/runner/workspace/discord-bot/events/interactionCreate.js:34:17)"}
[2026-07-14T01:28:34.229Z] [ERROR] SafeReply failed | {"error":"Interaction has already been acknowledged."}
[2026-07-14T01:29:37.669Z] [INFO] Running startup diagnostics...
[2026-07-14T01:29:37.900Z] [INFO] Music extractors loaded
[2026-07-14T01:29:37.925Z] [INFO] Registering 61 commands...
[2026-07-14T01:29:38.192Z] [INFO] Successfully registered 61 global commands
[2026-07-14T01:29:38.394Z] [INFO] ✨ Dashboard Smooth Mode active at http://localhost:5000
[2026-07-14T01:29:38.767Z] [INFO] Bot logged in as 𝑬𝑩#8552
[2026-07-14T01:34:16.717Z] [INFO] Running startup diagnostics...
[2026-07-14T01:34:16.785Z] [INFO] Music extractors loaded
[2026-07-14T01:34:16.798Z] [INFO] Registering 61 commands...
[2026-07-14T01:34:17.153Z] [INFO] Successfully registered 61 global commands
[2026-07-14T01:34:17.232Z] [INFO] ✨ Dashboard Smooth Mode active at http://localhost:5000
[2026-07-14T01:34:17.593Z] [INFO] Bot logged in as 𝑬𝑩#8552
[2026-07-14T01:40:00.005Z] [ERROR] Player error | {"error":"The operation was aborted","guild":"𝑬𝑩 𝑺𝒕𝒐𝒓𝒆"}
[2026-07-14T01:40:58.731Z] [ERROR] Player error | {"error":"The operation was aborted","guild":"𝑬𝑩 𝑺𝒕𝒐𝒓𝒆"}
[2026-07-14T01:41:14.401Z] [INFO] Running startup diagnostics...
[2026-07-14T01:41:14.722Z] [INFO] Music extractors loaded
[2026-07-14T01:41:14.770Z] [INFO] Registering 61 commands...
[2026-07-14T01:41:15.072Z] [INFO] Successfully registered 61 global commands
[2026-07-14T01:41:15.336Z] [INFO] ✨ Dashboard Smooth Mode active at http://localhost:5000
[2026-07-14T01:41:16.043Z] [INFO] Bot logged in as 𝑬𝑩#8552
[2026-07-14T01:41:23.291Z] [COMMAND] Command /help by ehab1 in 𝑬𝑩 𝑺𝒕𝒐𝒓𝒆
[2026-07-14T01:46:44.358Z] [INFO] Running startup diagnostics...
[2026-07-14T01:46:44.428Z] [INFO] Music extractors loaded
[2026-07-14T01:46:44.443Z] [INFO] Registering 61 commands...
[2026-07-14T01:46:44.679Z] [INFO] Successfully registered 61 global commands
[2026-07-14T01:46:44.783Z] [ERROR] Uncaught Exception | {"error":"listen EADDRINUSE: address already in use 0.0.0.0:5000","stack":"Error: listen EADDRINUSE: address already in use 0.0.0.0:5000\n    at Server.setupListenHandle [as _listen2] (node:net:1940:16)\n    at listenInCluster (node:net:1997:12)\n    at Server.listen (node:net:2102:7)\n    at startDashboard (/home/runner/workspace/discord-bot/dashboard/server.js:296:16)\n    at /home/runner/workspace/discord-bot/index.js:129:3\n    at process.processTicksAndRejections (node:internal/process/task_queues:103:5)"}
[2026-07-14T01:46:45.459Z] [INFO] Bot logged in as 𝑬𝑩#8552
[2026-07-14T02:00:13.800Z] [INFO] Running startup diagnostics...
[2026-07-14T02:00:14.174Z] [INFO] Music extractors loaded
[2026-07-14T02:00:14.216Z] [INFO] Registering 61 commands...
[2026-07-14T02:00:14.492Z] [INFO] Successfully registered 61 global commands
[2026-07-14T02:00:14.920Z] [INFO] ✨ Dashboard Smooth Mode active at http://localhost:5000
[2026-07-14T02:00:15.372Z] [INFO] Bot logged in as 𝑬𝑩#8552
[2026-07-14T23:03:50.506Z] [INFO] Running startup diagnostics...
[2026-07-14T23:03:50.664Z] [INFO] Music extractors loaded
[2026-07-14T23:03:50.687Z] [INFO] Registering 61 commands...
[2026-07-14T23:03:51.081Z] [INFO] Successfully registered 61 global commands
[2026-07-14T23:03:51.347Z] [INFO] ✨ Dashboard Smooth Mode active at http://localhost:5000
[2026-07-14T23:03:51.953Z] [INFO] Bot logged in as 𝑬𝑩#8552
[2026-07-14T23:08:45.860Z] [ERROR] Uncaught Exception | {"error":"Cannot read properties of null (reading 'tag')","stack":"TypeError: Cannot read properties of null (reading 'tag')\n    at Object.execute (/home/runner/workspace/discord-bot/events/messageLogging.js:72:60)\n    at process.processTicksAndRejections (node:internal/process/task_queues:103:5)"}
[2026-07-14T23:50:37.417Z] [INFO] Running startup diagnostics...
[2026-07-14T23:50:37.583Z] [INFO] Music extractors loaded
[2026-07-14T23:50:37.602Z] [INFO] Registering 61 commands...
[2026-07-14T23:50:38.027Z] [INFO] Successfully registered 61 global commands
[2026-07-14T23:50:38.248Z] [INFO] ✨ Dashboard Smooth Mode active at http://localhost:5000
[2026-07-14T23:50:38.661Z] [INFO] Bot logged in as 𝑬𝑩#8552
[2026-07-15T00:27:01.021Z] [INFO] Running startup diagnostics...
[2026-07-15T00:27:01.186Z] [INFO] Music extractors loaded
[2026-07-15T00:27:01.205Z] [INFO] Registering 61 commands...
[2026-07-15T00:27:01.460Z] [INFO] Successfully registered 61 global commands
[2026-07-15T00:27:01.613Z] [INFO] ✨ Dashboard Smooth Mode active at http://localhost:5000
[2026-07-15T00:27:01.990Z] [INFO] Bot logged in as 𝑬𝑩#8552
[2026-07-16T23:09:00.151Z] [INFO] Running startup diagnostics...
[2026-07-16T23:09:00.304Z] [INFO] Music extractors loaded
[2026-07-16T23:09:00.321Z] [INFO] Registering 61 commands...
[2026-07-16T23:09:00.653Z] [INFO] Successfully registered 61 global commands
[2026-07-16T23:09:00.888Z] [INFO] ✨ Dashboard Smooth Mode active at http://localhost:5000
[2026-07-16T23:09:01.319Z] [INFO] Bot logged in as 𝑬𝑩#8552
[2026-07-16T23:12:35.198Z] [ERROR] Player error | {"error":"The operation was aborted","guild":"𝑬𝑩 𝑺𝒕𝒐𝒓𝒆"}
[2026-07-16T23:23:21.485Z] [INFO] Running startup diagnostics...
[2026-07-16T23:23:21.673Z] [INFO] Music extractors loaded
[2026-07-16T23:23:21.694Z] [INFO] Registering 61 commands...
[2026-07-16T23:23:22.004Z] [INFO] Successfully registered 61 global commands
[2026-07-16T23:23:22.360Z] [INFO] ✨ Dashboard Smooth Mode active at http://localhost:5000
[2026-07-16T23:23:22.771Z] [INFO] Bot logged in as 𝑬𝑩#8552
[2026-07-31T11:10:00.050Z] [INFO] Running startup diagnostics...
[2026-07-31T11:10:00.245Z] [INFO] Music extractors loaded
[2026-07-31T11:10:00.270Z] [INFO] Registering 61 commands...
[2026-07-31T11:10:00.638Z] [INFO] Successfully registered 61 global commands
[2026-07-31T11:10:00.975Z] [INFO] ✨ Dashboard Smooth Mode active at http://localhost:5000
[2026-07-31T11:10:01.421Z] [INFO] Bot logged in as 𝑬𝑩#8552
[2026-08-10T19:44:59.648Z] [INFO] Running startup diagnostics...
[2026-08-10T19:44:59.980Z] [INFO] Music extractors loaded
[2026-08-10T19:45:00.015Z] [INFO] Registering 61 commands...
[2026-08-10T19:45:00.486Z] [INFO] Successfully registered 61 global commands
[2026-08-10T19:45:00.874Z] [INFO] ✨ Dashboard Smooth Mode active at http://localhost:5000
[2026-08-10T19:45:01.462Z] [INFO] Bot logged in as 𝑬𝑩#8552
[2026-08-10T20:33:15.143Z] [INFO] Running startup diagnostics...
[2026-08-10T20:33:15.360Z] [INFO] Music extractors loaded
[2026-08-10T20:33:15.383Z] [INFO] Registering 61 commands...
[2026-08-10T20:33:15.822Z] [INFO] Successfully registered 61 global commands
[2026-08-10T20:33:16.076Z] [INFO] ✨ Dashboard Smooth Mode active at http://localhost:5000
[2026-08-10T20:33:16.579Z] [INFO] Bot logged in as 𝑬𝑩#8552
[2026-08-10T22:47:37.798Z] [INFO] Running startup diagnostics...
[2026-08-10T22:47:38.009Z] [INFO] Music extractors loaded
[2026-08-10T22:47:38.033Z] [INFO] Registering 61 commands...
[2026-08-10T22:47:38.458Z] [INFO] Successfully registered 61 global commands
[2026-08-10T22:47:38.737Z] [INFO] ✨ Dashboard Smooth Mode active at http://localhost:5000
[2026-08-10T22:47:39.194Z] [INFO] Bot logged in as 𝑬𝑩#8552
[2026-08-11T04:01:46.533Z] [INFO] Running startup diagnostics...
[2026-08-11T04:01:46.793Z] [INFO] Music extractors loaded
[2026-08-11T04:01:46.823Z] [INFO] Registering 61 commands...
[2026-08-11T04:01:47.210Z] [INFO] Successfully registered 61 global commands
[2026-08-11T04:01:47.476Z] [INFO] ✨ Dashboard Smooth Mode active at http://localhost:5000
[2026-08-11T04:01:48.045Z] [INFO] Bot logged in as 𝑬𝑩#8552
[2026-08-11T11:43:42.747Z] [INFO] Running startup diagnostics...
[2026-08-11T11:43:43.057Z] [INFO] Music extractors loaded
[2026-08-11T11:43:43.086Z] [INFO] Registering 61 commands...
[2026-08-11T11:43:43.342Z] [INFO] Successfully registered 61 global commands
[2026-08-11T11:43:43.701Z] [INFO] ✨ Dashboard Smooth Mode active at http://localhost:5000
[2026-08-11T11:43:44.291Z] [INFO] Bot logged in as 𝑬𝑩#8552
[2026-08-11T17:58:07.734Z] [INFO] Running startup diagnostics...
[2026-08-11T17:58:08.062Z] [INFO] Music extractors loaded
[2026-08-11T17:58:08.094Z] [INFO] Registering 61 commands...
[2026-08-11T17:58:08.472Z] [INFO] Successfully registered 61 global commands
[2026-08-11T17:58:08.830Z] [INFO] ✨ Dashboard Smooth Mode active at http://localhost:5000
[2026-08-11T17:58:09.583Z] [INFO] Bot logged in as 𝑬𝑩#8552
[2026-08-11T20:31:59.037Z] [INFO] Running startup diagnostics...
[2026-08-11T20:31:59.255Z] [INFO] Music extractors loaded
[2026-08-11T20:31:59.282Z] [INFO] Registering 61 commands...
[2026-08-11T20:31:59.629Z] [INFO] Successfully registered 61 global commands
[2026-08-11T20:31:59.870Z] [INFO] ✨ Dashboard Smooth Mode active at http://localhost:5000
[2026-08-11T20:32:00.284Z] [INFO] Bot logged in as 𝑬𝑩#8552
[2026-08-12T04:11:14.040Z] [INFO] Running startup diagnostics...
[2026-08-12T04:11:14.217Z] [INFO] Music extractors loaded
[2026-08-12T04:11:14.238Z] [INFO] Registering 61 commands...
[2026-08-12T04:11:14.538Z] [INFO] Successfully registered 61 global commands
[2026-08-12T04:11:14.752Z] [INFO] ✨ Dashboard Smooth Mode active at http://localhost:5000
[2026-08-12T04:11:15.188Z] [INFO] Bot logged in as 𝑬𝑩#8552
[2026-08-12T04:12:31.464Z] [INFO] Running startup diagnostics...
[2026-08-12T04:12:31.546Z] [INFO] Music extractors loaded
[2026-08-12T04:12:31.557Z] [INFO] Registering 61 commands...
[2026-08-12T04:12:31.804Z] [INFO] Successfully registered 61 global commands
[2026-08-12T04:12:31.891Z] [INFO] ✨ Dashboard Smooth Mode active at http://localhost:5000
[2026-08-12T04:12:32.615Z] [INFO] Bot logged in as 𝑬𝑩#8552
[2026-08-12T04:12:56.534Z] [INFO] Running startup diagnostics...
[2026-08-12T04:12:56.638Z] [INFO] Music extractors loaded
[2026-08-12T04:12:56.653Z] [INFO] Registering 61 commands...
[2026-08-12T04:12:57.078Z] [INFO] Successfully registered 61 global commands
[2026-08-12T04:12:57.219Z] [INFO] ✨ Dashboard Smooth Mode active at http://localhost:5000
[2026-08-12T04:12:57.840Z] [INFO] Bot logged in as 𝑬𝑩#8552
[2026-08-12T04:21:54.837Z] [INFO] Running startup diagnostics...
[2026-08-12T04:21:55.051Z] [INFO] Music extractors loaded
[2026-08-12T04:21:55.079Z] [INFO] Registering 61 commands...
[2026-08-12T04:21:55.666Z] [INFO] Successfully registered 61 global commands
[2026-08-12T04:21:56.005Z] [ERROR] Uncaught Exception | {"error":"listen EADDRINUSE: address already in use 0.0.0.0:5000","stack":"Error: listen EADDRINUSE: address already in use 0.0.0.0:5000\n    at Server.setupListenHandle [as _listen2] (node:net:1940:16)\n    at listenInCluster (node:net:1997:12)\n    at Server.listen (node:net:2102:7)\n    at startDashboard (/home/runner/workspace/discord-bot/dashboard/server.js:296:16)\n    at /home/runner/workspace/discord-bot/index.js:129:3\n    at process.processTicksAndRejections (node:internal/process/task_queues:103:5)"}
[2026-08-12T04:21:56.408Z] [INFO] Bot logged in as 𝑬𝑩#8552
[2026-08-12T04:24:11.901Z] [INFO] Running startup diagnostics...
[2026-08-12T04:24:11.993Z] [INFO] Music extractors loaded
[2026-08-12T04:24:12.008Z] [INFO] Registering 61 commands...
[2026-08-12T04:24:12.655Z] [INFO] Successfully registered 61 global commands
[2026-08-12T04:24:12.751Z] [INFO] ✨ Dashboard Smooth Mode active at http://localhost:5000
[2026-08-12T04:24:13.129Z] [INFO] Bot logged in as 𝑬𝑩#8552
[2026-08-12T06:14:21.551Z] [INFO] Running startup diagnostics...
[2026-08-12T06:14:21.826Z] [INFO] Music extractors loaded
[2026-08-12T06:14:21.856Z] [INFO] Registering 61 commands...
[2026-08-12T06:14:22.208Z] [INFO] Successfully registered 61 global commands
[2026-08-12T06:14:22.507Z] [INFO] ✨ Dashboard Smooth Mode active at http://localhost:5000
[2026-08-12T06:14:22.971Z] [INFO] Bot logged in as 𝑬𝑩#8552
[2026-08-12T07:10:35.402Z] [INFO] Running startup diagnostics...
[2026-08-12T07:10:35.589Z] [INFO] Music extractors loaded
[2026-08-12T07:10:35.606Z] [INFO] Registering 61 commands...
[2026-08-12T07:10:35.914Z] [INFO] Successfully registered 61 global commands
[2026-08-12T07:10:36.196Z] [INFO] ✨ Dashboard Smooth Mode active at http://localhost:5000
[2026-08-12T07:10:36.679Z] [INFO] Bot logged in as 𝑬𝑩#8552
